// Vitest Snapshot v1, https://vitest.dev/guide/snapshot.html

exports[`ItemCard component > Renders item information 1`] = `
<div>
  <section
    class="store-item-card"
  >
    <img
      alt=""
      class="item-img"
      src="/src/assets/logo-ipsum-small.svg"
    />
    <h2
      class="item-title"
    >
      Item 1
    </h2>
    <p
      class="item-description"
    >
      This is item number 1, there are many like it, but this is the first
    </p>
    <p
      class="item-price"
    >
      $40.00
    </p>
    <div
      class="item-count-field"
    >
      <label
        for="count-1"
      >
        Count:
      </label>
      <input
        id="count-1"
        min="1"
        step="1"
        type="number"
        value="1"
      />
    </div>
    <button
      class="add-item-btn"
    >
      Add to Cart
    </button>
  </section>
</div>
`;
