// Vitest Snapshot v1, https://vitest.dev/guide/snapshot.html

exports[`App component > Renders a logo and nav bar inside a header and a main tag 1`] = `
<div>
  <header>
    <div
      class="header-flex-container"
    >
      <a
        href="/"
      >
        <img
          alt=""
          src="/src/assets/logoipsum-265.svg"
        />
      </a>
      <nav>
        <a
          href="/"
        >
          Home
        </a>
        <a
          href="/"
        >
          Store
        </a>
        <a
          href="/"
        >
          Cart
        </a>
      </nav>
    </div>
  </header>
  <main />
</div>
`;
