// Vitest Snapshot v1, https://vitest.dev/guide/snapshot.html

exports[`App component > Renders a logo and nav bar inside a header and a main tag 1`] = `
<div>
  <header
    class="app-banner"
  >
    <div
      class="header-flex-container"
    >
      <a
        href="/"
      >
        <img
          alt=""
          src="/src/assets/logoipsum-265.svg"
        />
      </a>
      <nav>
        <a
          href="/"
        >
          <img
            alt="Home"
            class="nav-icon"
            src="/src/assets/home.svg"
          />
        </a>
        <a
          href="/store"
        >
          <img
            alt="Store"
            class="nav-icon"
            src="/src/assets/shopping-bag.svg"
          />
        </a>
        <a
          aria-labelledby="cartLinkImg"
          href="/cart"
        >
          <img
            alt="Cart"
            class="nav-icon"
            id="cartLinkImg"
            src="/src/assets/shopping-cart.svg"
          />
        </a>
      </nav>
    </div>
  </header>
  <div
    class="main-flex-track"
  >
    <main />
  </div>
  <footer
    class="homepage-information"
  >
    <div
      class="information-flex-container"
    >
      <address>
        <h3>
          Location
        </h3>
        <p>
          1234 Fake St. 
          <br />
          Imaginary, Montana 45554
        </p>
        <p>
          102-938-4756
        </p>
        <p>
          example.email@gmail.com
        </p>
      </address>
      <div
        class="about"
      >
        <h3>
          About
        </h3>
        <p>
          Our Story
        </p>
        <p>
          FAQ
        </p>
      </div>
      <div
        class="support"
      >
        <h3>
          Support
        </h3>
        <p>
          Contact Us
        </p>
        <p>
          Help Center
        </p>
        <p>
          Careers
        </p>
      </div>
    </div>
  </footer>
</div>
`;
