// Vitest Snapshot v1, https://vitest.dev/guide/snapshot.html

exports[`App component > Renders a logo and nav bar inside a header and a main tag 1`] = `
<div>
  <header>
    <div
      class="header-flex-container"
    >
      <a
        href="/"
      >
        <img
          alt=""
          src="/src/assets/logoipsum-265.svg"
        />
      </a>
      <nav>
        <a
          href="/"
        >
          <img
            alt="Home"
            class="nav-icon"
            src="/src/assets/home.svg"
          />
        </a>
        <a
          href="/store"
        >
          <img
            alt="Store"
            class="nav-icon"
            src="/src/assets/shopping-bag.svg"
          />
        </a>
        <a
          aria-labelledby="cartLinkImg"
          href="/cart"
        >
          <img
            alt="Cart"
            class="nav-icon"
            id="cartLinkImg"
            src="/src/assets/shopping-cart.svg"
          />
        </a>
      </nav>
    </div>
  </header>
  <main />
</div>
`;
